22:18:12 page_hunter started (Rastro only, no dealers)
22:18:12 cash 40 | missing page cards [('LAV-09', 112.0, 138), ('LAV-10', 112.0, 138), ('SAL-01', 11.0, 11), ('SAL-06', 27.5, 28), ('SAL-09', 77.0, 77), ('SAL-10', 77.0, 77)] | open offers 7
22:18:13 BUY SAL-01: cost 11 cap 11.0 gain 0.0
22:18:13 SELL single LAT-10 (asset 90) at 84; worth 49.0 to us (not in a set we build)
22:18:13 SELL single MAL-07 (asset 444) at 30; worth 12.5 to us (not in a set we build)
22:18:13 SELL single LAT-08 (asset 88) at 30; worth 17.5 to us (not in a set we build)
22:18:40 page_hunter started (Rastro only, no dealers)
22:18:41 cash 40 | missing page cards [('LAV-09', 112.0, 138), ('LAV-10', 112.0, 138), ('SAL-01', 11.0, 11), ('SAL-06', 27.5, 28), ('SAL-09', 77.0, 77), ('SAL-10', 77.0, 77)] | open offers 10
22:18:41 SELL single MAL-03 (asset 285) at 12; worth 5.0 to us (not in a set we build)
22:18:41 SELL single MAL-01 (asset 325) at 12; worth 5.0 to us (not in a set we build)
22:18:41 SELL single LAT-04 (asset 334) at 12; worth 7.0 to us (not in a set we build)
22:18:48 cash 29 | missing page cards [('LAV-09', 112.0, 138), ('LAV-10', 112.0, 138), ('SAL-06', 27.5, 40), ('SAL-09', 77.0, 89), ('SAL-10', 77.0, 89)] | open offers 13
22:18:48 SELL single LAT-05 (asset 418) at 12; worth 7.0 to us (not in a set we build)
22:18:48 BID for SAL-06 at 23
22:19:48 cash 29 | missing page cards [('LAV-09', 112.0, 138), ('LAV-10', 112.0, 138), ('SAL-06', 27.5, 40), ('SAL-09', 77.0, 89), ('SAL-10', 77.0, 89)] | open offers 9
22:20:48 cash 29 | missing page cards [('LAV-09', 112.0, 138), ('LAV-10', 112.0, 138), ('SAL-06', 27.5, 40), ('SAL-09', 77.0, 89), ('SAL-10', 77.0, 89)] | open offers 12
22:21:48 cash 29 | missing page cards [('LAV-09', 112.0, 138), ('LAV-10', 112.0, 138), ('SAL-06', 27.5, 40), ('SAL-09', 77.0, 89), ('SAL-10', 77.0, 89)] | open offers 12
22:22:48 cash 29 | missing page cards [('LAV-09', 112.0, 138), ('LAV-10', 112.0, 138), ('SAL-06', 27.5, 40), ('SAL-09', 77.0, 89), ('SAL-10', 77.0, 89)] | open offers 11
22:23:50 cash 29 | missing page cards [('LAV-09', 112.0, 138), ('LAV-10', 112.0, 138), ('SAL-06', 27.5, 40), ('SAL-09', 77.0, 89), ('SAL-10', 77.0, 89)] | open offers 12
22:24:48 cash 29 | missing page cards [('LAV-09', 112.0, 138), ('LAV-10', 112.0, 138), ('SAL-06', 27.5, 40), ('SAL-09', 77.0, 89), ('SAL-10', 77.0, 89)] | open offers 12
22:25:47 cash 29 | missing page cards [('LAV-09', 112.0, 138), ('LAV-10', 112.0, 138), ('SAL-06', 27.5, 40), ('SAL-09', 77.0, 89), ('SAL-10', 77.0, 89)] | open offers 12
22:26:48 cash 29 | missing page cards [('LAV-09', 112.0, 138), ('LAV-10', 112.0, 138), ('SAL-06', 27.5, 40), ('SAL-09', 77.0, 89), ('SAL-10', 77.0, 89)] | open offers 12
22:27:49 cash 29 | missing page cards [('LAV-09', 112.0, 138), ('LAV-10', 112.0, 138), ('SAL-06', 27.5, 40), ('SAL-09', 77.0, 89), ('SAL-10', 77.0, 89)] | open offers 12
22:28:50 cash 29 | missing page cards [('LAV-09', 112.0, 138), ('LAV-10', 112.0, 138), ('SAL-06', 27.5, 40), ('SAL-09', 77.0, 89), ('SAL-10', 77.0, 89)] | open offers 6
22:28:50 SELL single LAT-10 (asset 90) at 84; worth 49.0 to us (not in a set we build)
22:28:51 SELL single MAL-07 (asset 444) at 30; worth 12.5 to us (not in a set we build)
22:28:51 SELL single LAT-08 (asset 88) at 30; worth 17.5 to us (not in a set we build)
22:29:48 cash 29 | missing page cards [('LAV-09', 112.0, 138), ('LAV-10', 112.0, 138), ('SAL-06', 27.5, 40), ('SAL-09', 77.0, 89), ('SAL-10', 77.0, 89)] | open offers 8
22:29:48 SELL single MAL-03 (asset 285) at 12; worth 5.0 to us (not in a set we build)
22:29:49 SELL single LAT-04 (asset 334) at 12; worth 7.0 to us (not in a set we build)
22:29:49 SELL single LAT-05 (asset 418) at 12; worth 7.0 to us (not in a set we build)
22:30:48 cash 29 | missing page cards [('LAV-09', 112.0, 138), ('LAV-10', 112.0, 138), ('SAL-06', 27.5, 40), ('SAL-09', 77.0, 89), ('SAL-10', 77.0, 89)] | open offers 9
22:30:48 SELL single MAL-01 (asset 325) at 9; worth 5.0 to us (not in a set we build)
22:30:48 BID for SAL-06 at 23
22:31:49 cash 29 | missing page cards [('LAV-09', 112.0, 138), ('LAV-10', 112.0, 138), ('SAL-06', 27.5, 40), ('SAL-09', 77.0, 89), ('SAL-10', 77.0, 89)] | open offers 14
22:32:48 cash 29 | missing page cards [('LAV-09', 112.0, 138), ('LAV-10', 112.0, 138), ('SAL-06', 27.5, 40), ('SAL-09', 77.0, 89), ('SAL-10', 77.0, 89)] | open offers 14
22:33:22 page_hunter started (Rastro only, no dealers)
22:33:23 cash 29 | missing page cards [('LAV-09', 112.0, 138), ('LAV-10', 112.0, 138), ('SAL-06', 27.5, 40), ('SAL-09', 77.0, 89), ('SAL-10', 77.0, 89)] | open offers 14
22:33:48 cash 29 | missing page cards [('LAV-09', 112.0, 138), ('LAV-10', 112.0, 138), ('SAL-06', 27.5, 40), ('SAL-09', 77.0, 89), ('SAL-10', 77.0, 89)] | open offers 13
22:34:48 cash 29 | missing page cards [('LAV-09', 112.0, 138), ('LAV-10', 112.0, 138), ('SAL-06', 27.5, 40), ('SAL-09', 77.0, 89), ('SAL-10', 77.0, 89)] | open offers 14
22:35:47 cash 29 | missing page cards [('LAV-09', 112.0, 138), ('LAV-10', 112.0, 138), ('SAL-06', 27.5, 40), ('SAL-09', 77.0, 89), ('SAL-10', 77.0, 89)] | open offers 14
22:36:50 cash 29 | missing page cards [('LAV-09', 112.0, 138), ('LAV-10', 112.0, 138), ('SAL-06', 27.5, 40), ('SAL-09', 77.0, 89), ('SAL-10', 77.0, 89)] | open offers 14
22:37:48 cash 29 | missing page cards [('LAV-09', 112.0, 138), ('LAV-10', 112.0, 138), ('SAL-06', 27.5, 40), ('SAL-09', 77.0, 89), ('SAL-10', 77.0, 89)] | open offers 14
22:38:48 cash 29 | missing page cards [('LAV-09', 112.0, 138), ('LAV-10', 112.0, 138), ('SAL-06', 27.5, 40), ('SAL-09', 77.0, 89), ('SAL-10', 77.0, 89)] | open offers 14
22:39:48 cash 7 | missing page cards [('LAV-09', 112.0, 138), ('LAV-10', 112.0, 138), ('SAL-06', 27.5, 40), ('SAL-09', 77.0, 89), ('SAL-10', 77.0, 89)] | open offers 10
22:39:49 SELL single LAT-10 (asset 90) at 84; worth 49.0 to us (not in a set we build)
22:39:49 SELL single MAL-07 (asset 444) at 30; worth 12.5 to us (not in a set we build)
22:39:49 SELL single LAT-08 (asset 88) at 30; worth 17.5 to us (not in a set we build)
22:40:48 cash 7 | missing page cards [('LAV-09', 112.0, 138), ('LAV-10', 112.0, 138), ('SAL-06', 27.5, 40), ('SAL-09', 77.0, 89), ('SAL-10', 77.0, 89)] | open offers 10
22:40:49 SELL single MAL-03 (asset 285) at 12; worth 5.0 to us (not in a set we build)
22:40:49 SELL single LAT-05 (asset 418) at 10; worth 7.0 to us (not in a set we build)
22:41:48 cash 7 | missing page cards [('LAV-09', 112.0, 138), ('LAV-10', 112.0, 138), ('SAL-06', 27.5, 40), ('SAL-09', 77.0, 89), ('SAL-10', 77.0, 89)] | open offers 10
22:41:49 SELL to bid LAT-10: bid 60, worth 49.0 to us, gain 7.0
22:41:49 SELL single MAL-01 (asset 325) at 9; worth 5.0 to us (not in a set we build)
22:42:48 cash 63 | missing page cards [('LAV-09', 112.0, 138), ('LAV-10', 112.0, 138), ('SAL-06', 27.5, 40), ('SAL-09', 77.0, 89), ('SAL-10', 77.0, 89)] | open offers 14
22:42:48 BID for SAL-06 at 23
22:42:48 BID for SAL-09 at 53
22:42:49 BID for SAL-10 at 53
