22:21:40 smart_duels started
22:21:40 duel 77 seller r1 left 12 | rival None dNone (move None) stats None | U now None next 68.0 | no rival offer yet
22:21:40   OFFER duel 77: 204 dNone (beta 2.0, frac 0.01)
22:21:40 duel 78 buyer r1 left 12 | rival None dNone (move None) stats None | U now None next 56.0 | no rival offer yet
22:21:40   OFFER duel 78: 55 dNone (beta 2.0, frac 0.01)
22:21:40 duel 179 seller r1 left 12 | rival None dNone (move None) stats None | U now None next 42.0 | no rival offer yet
22:21:40   OFFER duel 179: 126 dNone (beta 2.0, frac 0.01)
22:21:40 duel 180 buyer r1 left 12 | rival None dNone (move None) stats None | U now None next 57.0 | no rival offer yet
22:21:40   OFFER duel 180: 57 dNone (beta 2.0, frac 0.01)
22:21:46 duel 77 seller r2 left 11 | rival None dNone (move None) stats None | U now None next 67.0 | no rival offer yet
22:21:47   OFFER duel 77: 203 dNone (beta 2.0, frac 0.03)
22:21:47 duel 78 buyer r2 left 11 | rival None dNone (move None) stats None | U now None next 54.0 | no rival offer yet
22:21:47   OFFER duel 78: 57 dNone (beta 2.0, frac 0.03)
22:21:47 duel 179 seller r2 left 11 | rival None dNone (move None) stats None | U now None next 41.0 | no rival offer yet
22:21:47   OFFER duel 179: 125 dNone (beta 2.0, frac 0.03)
22:21:47 duel 180 buyer r2 left 11 | rival None dNone (move None) stats None | U now None next 56.0 | no rival offer yet
22:21:47   OFFER duel 180: 58 dNone (beta 2.0, frac 0.03)
22:22:47 duel 77 seller r3 left 10 | rival 126.0 d0 (move None) stats None | U now -10.0 next 64.0 | rival offer below our margin
22:22:47   say refused: wait_for_tick one message per side per tick
22:22:47 duel 78 buyer r3 left 10 | rival 150.0 d0 (move None) stats None | U now -39.0 next 53.0 | rival offer below our margin
22:22:48   say refused: wait_for_tick one message per side per tick
22:22:48 duel 179 seller r3 left 10 | rival None dNone (move None) stats None | U now None next 40.0 | no rival offer yet
22:22:48   say refused: wait_for_tick one message per side per tick
22:22:48 duel 180 buyer r3 left 10 | rival None dNone (move None) stats None | U now None next 54.0 | no rival offer yet
22:22:49   say refused: wait_for_tick one message per side per tick
22:23:47 duel 77 seller r4 left 9 | rival 126.0 d0 (move 0.0) stats None | U now -10.0 next 61.0 | rival offer below our margin
22:23:48   say refused: wait_for_tick one message per side per tick
22:23:48 duel 78 buyer r4 left 9 | rival 143.0 d0 (move 7.0) stats None | U now -32.0 next 50.0 | rival offer below our margin
22:23:48   say refused: wait_for_tick one message per side per tick
22:23:48 duel 179 seller r4 left 9 | rival None dNone (move None) stats None | U now None next 38.0 | no rival offer yet
22:23:48   say refused: wait_for_tick one message per side per tick
22:23:48 duel 180 buyer r4 left 9 | rival None dNone (move None) stats None | U now None next 51.0 | no rival offer yet
22:23:48   say refused: wait_for_tick one message per side per tick
22:28:31 smart_duels started
22:28:31 duel 53 buyer r2 left 9 | rival 153.0 d0 (move 20.0) stats None | U now -1.0 next 68.0 | rival offer below our margin
22:28:31   OFFER duel 53: 84 dNone (beta 2.0, frac 0.11)
22:28:31 duel 54 seller r1 left 10 | rival 50.0 d0 (move None) stats None | U now -4.0 next 27.0 | rival offer below our margin
22:28:31   OFFER duel 54: 81 dNone (beta 2.0, frac 0.01)
22:28:31 duel 77 seller r6 left 5 | rival 141.0 d0 (move 15.0) stats {'n': 3, 'rate': 5.0, 'firm': False} | U now 5.0 next 45.0 | holding: waiting is expected to pay more
22:28:31   OFFER duel 77: 181 dNone (beta 2.6, frac 0.35)
22:28:31 duel 78 buyer r6 left 5 | rival 123.0 d0 (move 16.0) stats {'n': 3, 'rate': 9.0, 'firm': False} | U now -12.0 next 37.0 | rival offer below our margin
22:28:31   OFFER duel 78: 74 dNone (beta 2.6, frac 0.35)
22:28:31 duel 179 seller r6 left 5 | rival None dNone (move None) stats None | U now None next 24.0 | no rival offer yet
22:28:31   OFFER duel 179: 108 dNone (beta 2.0, frac 0.44)
22:28:31 duel 180 buyer r6 left 5 | rival None dNone (move None) stats None | U now None next 33.0 | no rival offer yet
22:28:32   OFFER duel 180: 81 dNone (beta 2.0, frac 0.44)
22:28:47 duel 53 buyer r3 left 8 | rival 153.0 d0 (move -0.0) stats {'n': 2, 'rate': 10.0, 'firm': False} | U now -1.0 next 68.0 | rival offer below our margin
22:28:47   OFFER duel 53: 84 dNone (beta 2.6, frac 0.1)
22:28:47 duel 54 seller r2 left 9 | rival 50.0 d0 (move 0.0) stats None | U now -4.0 next 26.0 | rival offer below our margin
22:28:47   OFFER duel 54: 80 dNone (beta 2.0, frac 0.04)
22:28:47 duel 77 seller r7 left 4 | rival 141.0 d0 (move 0.0) stats {'n': 4, 'rate': 3.75, 'firm': False} | U now 5.0 next 37.0 | holding: waiting is expected to pay more
22:28:48   OFFER duel 77: 173 dNone (beta 2.6, frac 0.47)
22:28:48 duel 78 buyer r7 left 4 | rival 123.0 d0 (move -0.0) stats {'n': 4, 'rate': 6.75, 'firm': False} | U now -12.0 next 30.0 | rival offer below our margin
22:28:49   OFFER duel 78: 81 dNone (beta 2.6, frac 0.47)
22:28:49 duel 179 seller r7 left 4 | rival None dNone (move None) stats None | U now None next 19.0 | no rival offer yet
22:28:49   OFFER duel 179: 103 dNone (beta 2.0, frac 0.56)
22:28:49 duel 180 buyer r7 left 4 | rival None dNone (move None) stats None | U now None next 26.0 | no rival offer yet
22:28:49   OFFER duel 180: 88 dNone (beta 2.0, frac 0.56)
22:29:47 duel 53 buyer r4 left 7 | rival 145.0 d0 (move 8.0) stats {'n': 3, 'rate': 9.33, 'firm': False} | U now 7.0 next 64.0 | holding: waiting is expected to pay more
22:29:47   OFFER duel 53: 88 dNone (beta 2.6, frac 0.16)
22:29:47 duel 54 seller r3 left 8 | rival 59.0 d0 (move 9.0) stats {'n': 2, 'rate': 4.5, 'firm': False} | U now 5.0 next 26.0 | holding: waiting is expected to pay more
22:29:47   OFFER duel 54: 80 dNone (beta 2.6, frac 0.04)
22:29:47 duel 77 seller r8 left 3 | rival 145.0 d0 (move 4.0) stats {'n': 5, 'rate': 4.75, 'firm': False} | U now 9.0 next 27.0 | holding: waiting is expected to pay more
22:29:47   OFFER duel 77: 163 dNone (beta 2.6, frac 0.62)
22:29:47 duel 78 buyer r8 left 3 | rival 119.0 d0 (move 4.0) stats {'n': 5, 'rate': 6.0, 'firm': False} | U now -8.0 next 22.0 | rival offer below our margin
22:29:48   OFFER duel 78: 89 dNone (beta 2.6, frac 0.62)
22:29:48 duel 179 seller r8 left 3 | rival None dNone (move None) stats None | U now None next 14.0 | no rival offer yet
22:29:48   OFFER duel 179: 98 dNone (beta 2.0, frac 0.69)
22:29:48 duel 180 buyer r8 left 3 | rival None dNone (move None) stats None | U now None next 19.0 | no rival offer yet
22:29:48   OFFER duel 180: 95 dNone (beta 2.0, frac 0.69)
22:30:47 duel 53 buyer r5 left 6 | rival 145.0 d0 (move -0.0) stats {'n': 4, 'rate': 7.0, 'firm': False} | U now 7.0 next 58.0 | holding: waiting is expected to pay more
22:30:48   OFFER duel 53: 94 dNone (beta 2.6, frac 0.25)
22:30:48 duel 54 seller r4 left 7 | rival 63.0 d0 (move 4.0) stats {'n': 3, 'rate': 4.33, 'firm': False} | U now 9.0 next 25.0 | holding: waiting is expected to pay more
22:30:48   OFFER duel 54: 79 dNone (beta 2.6, frac 0.09)
22:30:48 duel 77 seller r9 left 2 | rival 149.0 d0 (move 4.0) stats {'n': 6, 'rate': 5.75, 'firm': False} | U now 13.0 next 15.0 | waiting worth 11.8 <= 13.0 now (rate +5.8, firm=False)
22:30:48   ACCEPT duel 77 at 149.0 d0 (utility 13.0)
22:30:48 duel 78 buyer r9 left 2 | rival 115.0 d0 (move 4.0) stats {'n': 6, 'rate': 6.0, 'firm': False} | U now -4.0 next 13.0 | rival offer below our margin
22:30:49   OFFER duel 78: 98 dNone (beta 2.6, frac 0.8)
22:30:49 duel 179 seller r9 left 2 | rival None dNone (move None) stats None | U now None next 8.0 | no rival offer yet
22:30:51   OFFER duel 179: 92 dNone (beta 2.0, frac 0.84)
22:30:51 duel 180 buyer r9 left 2 | rival None dNone (move None) stats None | U now None next 10.0 | no rival offer yet
22:30:51   OFFER duel 180: 104 dNone (beta 2.0, frac 0.84)
22:31:47 duel 53 buyer r6 left 5 | rival 138.0 d0 (move 7.0) stats {'n': 5, 'rate': 3.75, 'firm': False} | U now 14.0 next 50.0 | waiting worth 13.9 <= 14.0 now (rate +3.8, firm=False)
22:31:47   ACCEPT duel 53 at 138.0 d0 (utility 14.0)
22:31:47 duel 54 seller r5 left 6 | rival 63.0 d0 (move 0.0) stats {'n': 4, 'rate': 3.25, 'firm': False} | U now 9.0 next 23.0 | holding: waiting is expected to pay more
22:31:47   OFFER duel 54: 77 dNone (beta 2.6, frac 0.16)
22:31:47 duel 78 buyer r10 left 1 | rival 111.0 d0 (move 4.0) stats {'n': 7, 'rate': 3.0, 'firm': False} | U now -0.0 next 1.0 | rival offer below our margin
22:31:47   OFFER duel 78: 110 dNone (beta 2.6, frac 1.0)
22:31:47 duel 179 seller r10 left 1 | rival None dNone (move None) stats None | U now None next 1.0 | no rival offer yet
22:31:47   OFFER duel 179: 85 dNone (beta 2.0, frac 1.0)
22:31:47 duel 180 buyer r10 left 1 | rival None dNone (move None) stats None | U now None next 1.0 | no rival offer yet
22:31:48   OFFER duel 180: 113 dNone (beta 2.0, frac 1.0)
22:31:48 duel 183 seller r1 left 12 | rival None dNone (move None) stats None | U now None next 36.0 | no rival offer yet
22:31:48   OFFER duel 183: 107 dNone (beta 2.0, frac 0.01)
22:32:47 duel 49 seller r1 left 12 | rival None dNone (move None) stats None | U now None next 33.0 | no rival offer yet
22:32:47   OFFER duel 49: 99 dNone (beta 2.0, frac 0.01)
22:32:47 duel 50 buyer r1 left 12 | rival None dNone (move None) stats None | U now None next 78.0 | no rival offer yet
22:32:47   OFFER duel 50: 79 dNone (beta 2.0, frac 0.01)
22:32:47 duel 54 seller r6 left 5 | rival 66.0 d0 (move 3.0) stats {'n': 5, 'rate': 4.0, 'firm': False} | U now 12.0 next 21.0 | holding: waiting is expected to pay more
22:32:48   OFFER duel 54: 75 dNone (beta 2.6, frac 0.26)
22:32:48 duel 65 seller r1 left 12 | rival None dNone (move None) stats None | U now None next 51.0 | no rival offer yet
22:32:48   OFFER duel 65: 152 dNone (beta 2.0, frac 0.01)
22:32:48 duel 66 buyer r1 left 12 | rival None dNone (move None) stats None | U now None next 73.0 | no rival offer yet
22:32:48   OFFER duel 66: 74 dNone (beta 2.0, frac 0.01)
22:32:48 duel 183 seller r2 left 11 | rival 41.0 d0 (move None) stats None | U now -30.0 next 35.0 | rival offer below our margin
22:32:50   OFFER duel 183: 106 dNone (beta 2.0, frac 0.03)
22:33:47 duel 49 seller r2 left 11 | rival 58.0 d0 (move None) stats None | U now -8.0 next 33.0 | rival offer below our margin
22:33:47   OFFER duel 49: 99 dNone (beta 2.0, frac 0.03)
22:33:47 duel 50 buyer r2 left 11 | rival 148.0 d0 (move None) stats None | U now 9.0 next 77.0 | holding: waiting is expected to pay more
22:33:47   OFFER duel 50: 80 dNone (beta 2.0, frac 0.03)
22:33:47 duel 54 seller r7 left 4 | rival 68.0 d0 (move 2.0) stats {'n': 6, 'rate': 2.25, 'firm': False} | U now 14.0 next 17.0 | waiting worth 12.2 <= 14.0 now (rate +2.2, firm=False)
22:33:47   ACCEPT duel 54 at 68.0 d0 (utility 14.0)
22:33:47 duel 65 seller r2 left 11 | rival None dNone (move None) stats None | U now None next 50.0 | no rival offer yet
22:33:48   OFFER duel 65: 151 dNone (beta 2.0, frac 0.03)
22:33:48 duel 66 buyer r2 left 11 | rival None dNone (move None) stats None | U now None next 72.0 | no rival offer yet
22:33:48   OFFER duel 66: 75 dNone (beta 2.0, frac 0.03)
22:33:48 duel 183 seller r3 left 10 | rival 45.0 d0 (move 4.0) stats None | U now -26.0 next 34.0 | rival offer below our margin
22:33:48   OFFER duel 183: 105 dNone (beta 2.0, frac 0.06)
22:34:47 duel 49 seller r3 left 10 | rival 58.0 d0 (move 0.0) stats None | U now -8.0 next 31.0 | rival offer below our margin
22:34:47   OFFER duel 49: 97 dNone (beta 2.0, frac 0.06)
22:34:47 duel 50 buyer r3 left 10 | rival 148.0 d0 (move -0.0) stats None | U now 9.0 next 74.0 | holding: waiting is expected to pay more
22:34:48   OFFER duel 50: 83 dNone (beta 2.0, frac 0.06)
22:34:48 duel 65 seller r3 left 10 | rival None dNone (move None) stats None | U now None next 48.0 | no rival offer yet
22:34:48   OFFER duel 65: 149 dNone (beta 2.0, frac 0.06)
22:34:48 duel 66 buyer r3 left 10 | rival None dNone (move None) stats None | U now None next 69.0 | no rival offer yet
22:34:48   OFFER duel 66: 78 dNone (beta 2.0, frac 0.06)
22:34:48 duel 183 seller r4 left 9 | rival 49.0 d0 (move 4.0) stats {'n': 2, 'rate': 4.0, 'firm': False} | U now -22.0 next 34.0 | rival offer below our margin
22:34:48   OFFER duel 183: 105 dNone (beta 2.6, frac 0.06)
22:34:48 duel 201 buyer r1 left 12 | rival None dNone (move None) stats None | U now None next 39.0 | no rival offer yet
22:34:48   OFFER duel 201: 39 dNone (beta 2.0, frac 0.01)
22:35:47 duel 50 buyer r4 left 9 | rival 100.0 d0 (move 48.0) stats {'n': 2, 'rate': 24.0, 'firm': False} | U now 57.0 next 74.0 | holding: waiting is expected to pay more
22:35:47   OFFER duel 50: 83 dNone (beta 2.6, frac 0.06)
22:35:47 duel 65 seller r4 left 9 | rival None dNone (move None) stats None | U now None next 45.0 | no rival offer yet
22:35:47   OFFER duel 65: 146 dNone (beta 2.0, frac 0.11)
22:35:47 duel 66 buyer r4 left 9 | rival None dNone (move None) stats None | U now None next 66.0 | no rival offer yet
22:35:48   OFFER duel 66: 81 dNone (beta 2.0, frac 0.11)
22:35:48 duel 183 seller r5 left 8 | rival 56.0 d0 (move 7.0) stats {'n': 3, 'rate': 5.0, 'firm': False} | U now -15.0 next 32.0 | rival offer below our margin
22:35:48   OFFER duel 183: 103 dNone (beta 2.6, frac 0.1)
22:35:48 duel 201 buyer r2 left 11 | rival None dNone (move None) stats None | U now None next 38.0 | no rival offer yet
22:35:48   OFFER duel 201: 40 dNone (beta 2.0, frac 0.03)
22:35:48 duel 225 seller r1 left 12 | rival None dNone (move None) stats None | U now None next 35.0 | no rival offer yet
22:35:48   OFFER duel 225: 104 dNone (beta 2.0, frac 0.01)
22:36:48 duel 50 buyer r5 left 8 | rival 99.0 d0 (move 1.0) stats {'n': 3, 'rate': 16.33, 'firm': False} | U now 58.0 next 71.0 | holding: waiting is expected to pay more
22:36:48   OFFER duel 50: 86 dNone (beta 2.6, frac 0.1)
22:36:48 duel 65 seller r5 left 8 | rival None dNone (move None) stats None | U now None next 42.0 | no rival offer yet
22:36:48   OFFER duel 65: 143 dNone (beta 2.0, frac 0.17)
22:36:48 duel 66 buyer r5 left 8 | rival None dNone (move None) stats None | U now None next 61.0 | no rival offer yet
22:36:48   OFFER duel 66: 86 dNone (beta 2.0, frac 0.17)
22:36:48 duel 183 seller r6 left 7 | rival 69.0 d0 (move 13.0) stats {'n': 4, 'rate': 7.0, 'firm': False} | U now -2.0 next 30.0 | rival offer below our margin
22:36:48   OFFER duel 183: 101 dNone (beta 2.6, frac 0.16)
22:36:48 duel 201 buyer r3 left 10 | rival None dNone (move None) stats None | U now None next 37.0 | no rival offer yet
22:36:49   OFFER duel 201: 41 dNone (beta 2.0, frac 0.06)
22:36:49 duel 225 seller r2 left 11 | rival 86.0 d0 (move None) stats None | U now 17.0 next 34.0 | holding: waiting is expected to pay more
22:36:49   OFFER duel 225: 103 dNone (beta 2.0, frac 0.03)
22:37:47 duel 50 buyer r6 left 7 | rival 99.0 d0 (move -0.0) stats {'n': 4, 'rate': 12.25, 'firm': False} | U now 58.0 next 66.0 | waiting worth 57.8 <= 58.0 now (rate +12.2, firm=False)
22:37:48   ACCEPT duel 50 at 99.0 d0 (utility 58.0)
22:37:48 duel 65 seller r6 left 7 | rival None dNone (move None) stats None | U now None next 39.0 | no rival offer yet
22:37:48   OFFER duel 65: 140 dNone (beta 2.0, frac 0.25)
22:37:48 duel 66 buyer r6 left 7 | rival None dNone (move None) stats None | U now None next 56.0 | no rival offer yet
22:37:48   OFFER duel 66: 91 dNone (beta 2.0, frac 0.25)
22:37:48 duel 183 seller r7 left 6 | rival 72.0 d0 (move 3.0) stats {'n': 5, 'rate': 6.75, 'firm': False} | U now 1.0 next 28.0 | holding: waiting is expected to pay more
22:37:48   OFFER duel 183: 99 dNone (beta 2.6, frac 0.25)
22:37:48 duel 201 buyer r4 left 9 | rival None dNone (move None) stats None | U now None next 35.0 | no rival offer yet
22:37:48   OFFER duel 201: 43 dNone (beta 2.0, frac 0.11)
22:37:48 duel 225 seller r3 left 10 | rival 98.0 d0 (move 12.0) stats None | U now 29.0 next 33.0 | holding: waiting is expected to pay more
22:37:49   OFFER duel 225: 102 dNone (beta 2.0, frac 0.06)
22:38:48 duel 65 seller r7 left 6 | rival None dNone (move None) stats None | U now None next 34.0 | no rival offer yet
22:38:48   OFFER duel 65: 135 dNone (beta 2.0, frac 0.34)
22:38:48 duel 66 buyer r7 left 6 | rival None dNone (move None) stats None | U now None next 49.0 | no rival offer yet
22:38:48   OFFER duel 66: 98 dNone (beta 2.0, frac 0.34)
22:38:48 duel 184 buyer r1 left 12 | rival None dNone (move None) stats None | U now None next 73.0 | no rival offer yet
22:38:48   OFFER duel 184: 72 dNone (beta 2.0, frac 0.01)
22:38:48 duel 201 buyer r5 left 8 | rival None dNone (move None) stats None | U now None next 33.0 | no rival offer yet
22:38:48   OFFER duel 201: 45 dNone (beta 2.0, frac 0.17)
22:38:48 duel 226 buyer r1 left 12 | rival 160.0 d0 (move None) stats None | U now 11.0 next 85.0 | holding: waiting is expected to pay more
22:38:49   OFFER duel 226: 86 dNone (beta 2.0, frac 0.01)
22:39:47 duel 65 seller r8 left 5 | rival None dNone (move None) stats None | U now None next 29.0 | no rival offer yet
22:39:48   OFFER duel 65: 130 dNone (beta 2.0, frac 0.44)
22:39:48 duel 66 buyer r8 left 5 | rival None dNone (move None) stats None | U now None next 42.0 | no rival offer yet
22:39:48   OFFER duel 66: 105 dNone (beta 2.0, frac 0.44)
22:39:48 duel 184 buyer r2 left 11 | rival 196.0 d0 (move None) stats None | U now -51.0 next 71.0 | rival offer below our margin
22:39:48   OFFER duel 184: 74 dNone (beta 2.0, frac 0.03)
22:39:48 duel 201 buyer r6 left 7 | rival None dNone (move None) stats None | U now None next 30.0 | no rival offer yet
22:39:48   OFFER duel 201: 48 dNone (beta 2.0, frac 0.25)
22:39:48 duel 226 buyer r2 left 11 | rival 160.0 d0 (move -0.0) stats None | U now 11.0 next 84.0 | holding: waiting is expected to pay more
22:39:48   OFFER duel 226: 87 dNone (beta 2.0, frac 0.03)
22:40:48 duel 65 seller r9 left 4 | rival 98.0 d0 (move None) stats None | U now -3.0 next 23.0 | rival offer below our margin
22:40:48   OFFER duel 65: 124 dNone (beta 2.0, frac 0.56)
22:40:48 duel 66 buyer r9 left 4 | rival None dNone (move None) stats None | U now None next 33.0 | no rival offer yet
22:40:48   OFFER duel 66: 114 dNone (beta 2.0, frac 0.56)
22:40:48 duel 184 buyer r3 left 10 | rival 185.0 d0 (move 11.0) stats None | U now -40.0 next 69.0 | rival offer below our margin
22:40:48   OFFER duel 184: 76 dNone (beta 2.0, frac 0.06)
22:40:48 duel 201 buyer r7 left 6 | rival None dNone (move None) stats None | U now None next 27.0 | no rival offer yet
22:40:48   OFFER duel 201: 51 dNone (beta 2.0, frac 0.34)
22:40:48 duel 226 buyer r3 left 10 | rival 146.0 d0 (move 14.0) stats {'n': 2, 'rate': 7.0, 'firm': False} | U now 25.0 next 84.0 | holding: waiting is expected to pay more
22:40:49   OFFER duel 226: 87 dNone (beta 2.6, frac 0.03)
